// Jest Snapshot v1, https://goo.gl/fbAQLP

exports[`matches snapshot 1`] = `
<div
  className="productManagementMainContainer"
>
  <div
    className="hamburgerMenu"
  >
    <svg
      fill="none"
      height="1em"
      onClick={[Function]}
      stroke="currentColor"
      strokeLinecap="round"
      strokeLinejoin="round"
      strokeWidth="2"
      style={
        Object {
          "color": undefined,
        }
      }
      viewBox="0 0 24 24"
      width="1em"
      xmlns="http://www.w3.org/2000/svg"
    >
      <line
        x1="3"
        x2="21"
        y1="12"
        y2="12"
      />
      <line
        x1="3"
        x2="21"
        y1="6"
        y2="6"
      />
      <line
        x1="3"
        x2="21"
        y1="18"
        y2="18"
      />
    </svg>
  </div>
  <div
    className="productManagementContent"
  >
    <div
      className="productRow"
    />
    <div
      className="productRow"
    >
      <div>
        <h1>
          id
        </h1>
      </div>
      <div>
        <h1>
          name
        </h1>
      </div>
      <div>
        <h1>
          price
        </h1>
      </div>
      <div>
        <h1>
          contains
        </h1>
      </div>
      <div>
        <h1>
          promotion
        </h1>
      </div>
      <div>
        <h1>
          group
        </h1>
      </div>
      <div>
        <h1>
          Edit
        </h1>
      </div>
    </div>
    <div
      className="productRow"
    >
      <div>
        <p>
          -
        </p>
      </div>
      <div
        className="addInput"
      >
        <input
          autoComplete="off"
          name="category"
          onChange={[Function]}
          placeholder="philadelphia"
          required={true}
          type="text"
        />
      </div>
      <div
        className="addInput"
      >
        <input
          autoComplete="off"
          name="category"
          onChange={[Function]}
          placeholder="6.00"
          required={true}
          type="text"
        />
      </div>
      <div
        className="addInput"
      >
        <input
          autoComplete="off"
          name="category"
          onChange={[Function]}
          placeholder="rice, nori, philadelphia cream"
          required={true}
          type="text"
        />
      </div>
      <div>
        <p>
          -
        </p>
      </div>
      <div
        className="addInput"
      >
        <select
          data-testid="groupSelect"
          onChange={[Function]}
        />
      </div>
      <div
        className="addButton"
        data-testid="addButton"
        onClick={[Function]}
      >
        <button>
          save
        </button>
      </div>
    </div>
    <div
      className="searchBar"
    >
      <input
        autoComplete="off"
        data-testid="searchbar"
        name="category"
        onChange={[Function]}
        placeholder="Search"
        required={true}
        type="text"
      />
      <h1>
        Search
      </h1>
    </div>
  </div>
</div>
`;
