// Jest Snapshot v1, https://goo.gl/fbAQLP

exports[`matches snapshot 1`] = `
<div
  className="cmsEmployeesContainer"
>
  <div
    className="hamburgerMenu"
  >
    <svg
      fill="none"
      height="1em"
      onClick={[Function]}
      stroke="currentColor"
      strokeLinecap="round"
      strokeLinejoin="round"
      strokeWidth="2"
      style={
        Object {
          "color": undefined,
        }
      }
      viewBox="0 0 24 24"
      width="1em"
      xmlns="http://www.w3.org/2000/svg"
    >
      <line
        x1="3"
        x2="21"
        y1="12"
        y2="12"
      />
      <line
        x1="3"
        x2="21"
        y1="6"
        y2="6"
      />
      <line
        x1="3"
        x2="21"
        y1="18"
        y2="18"
      />
    </svg>
  </div>
  <div
    className="cmsEmployeesContent"
  >
    <div
      className="employeeRow"
    />
    <div
      className="employeeRow"
    >
      <div>
        <h1>
          Id
        </h1>
      </div>
      <div>
        <h1>
          First name
        </h1>
      </div>
      <div>
        <h1>
          Last name
        </h1>
      </div>
      <div>
        <h1>
          Phone number
        </h1>
      </div>
      <div>
        <h1>
          Role
        </h1>
      </div>
      <div>
        <h1>
          Login
        </h1>
      </div>
      <div>
        <h1>
          Password
        </h1>
      </div>
      <div>
        <h1>
          Modify
        </h1>
      </div>
    </div>
    <div
      className="employeeRow"
    >
      <div>
        <p>
          -
        </p>
      </div>
      <div
        className="addInput"
        onChange={[Function]}
      >
        <input
          autoComplete="off"
          name="category"
          placeholder="Marcin"
          required={true}
          type="text"
        />
      </div>
      <div
        className="addInput"
        onChange={[Function]}
      >
        <input
          autoComplete="off"
          name="category"
          placeholder="Dyl"
          required={true}
          type="text"
        />
      </div>
      <div
        className="addInput"
        onChange={[Function]}
      >
        <input
          autoComplete="off"
          name="category"
          placeholder="123-245-638"
          type="text"
        />
      </div>
      <div
        className="addInput"
      >
        <select
          onChange={[Function]}
        />
      </div>
      <div
        className="addInput"
        onChange={[Function]}
      >
        <input
          autoComplete="off"
          name="category"
          placeholder="Login"
          required={true}
          type="text"
        />
      </div>
      <div
        className="addInput"
        onChange={[Function]}
      >
        <input
          autoComplete="off"
          name="category"
          placeholder="password"
          required={true}
          type="password"
        />
      </div>
      <div>
        <button
          onClick={[Function]}
        >
          Add
        </button>
      </div>
    </div>
  </div>
</div>
`;
