// Jest Snapshot v1, https://goo.gl/fbAQLP

exports[`matches snapshot 1`] = `
<div
  className="cmsEmployeesScheduleContainer"
>
  <div
    className="hamburgerMenu"
  >
    <svg
      fill="none"
      height="1em"
      onClick={[Function]}
      stroke="currentColor"
      strokeLinecap="round"
      strokeLinejoin="round"
      strokeWidth="2"
      style={
        Object {
          "color": undefined,
        }
      }
      viewBox="0 0 24 24"
      width="1em"
      xmlns="http://www.w3.org/2000/svg"
    >
      <line
        x1="3"
        x2="21"
        y1="12"
        y2="12"
      />
      <line
        x1="3"
        x2="21"
        y1="6"
        y2="6"
      />
      <line
        x1="3"
        x2="21"
        y1="18"
        y2="18"
      />
    </svg>
  </div>
  <div
    className="cmsEmployeesScheduleContent"
  >
    <div
      className="shiftsContainer"
    >
      <div
        className="shiftsInfoContainer"
      >
        <div
          className="shiftInfo"
        >
          <input
            autoComplete="off"
            name="category"
            onChange={[Function]}
            placeholder="shift id"
            required={true}
            type="number"
          />
          <button
            onClick={[Function]}
          >
            delete
          </button>
        </div>
        <div
          className="shiftInfo"
        >
          <h1
            data-shift={0}
            data-testid="dayOff"
            onClick={[Function]}
          >
            day off
          </h1>
        </div>
      </div>
      <div
        className="addShifts"
      >
        <input
          autoComplete="off"
          name="category"
          onChange={[Function]}
          placeholder="hour range ex: 16:30-24:30"
          required={true}
          type="text"
        />
        <button
          onClick={[Function]}
        >
          add new shift
        </button>
      </div>
    </div>
    <div
      className="calendarContainer"
    >
      <div
        className="changeDate"
      >
        <button
          onClick={[Function]}
        >
          previous
        </button>
        <h1>
          2021, June
        </h1>
        <button
          onClick={[Function]}
        >
          next
        </button>
      </div>
      <div
        className="employeeRow"
      >
        <div
          className="employee"
        />
        <div>
          <b>
            01
          </b>
        </div>
        <div>
          <b>
            02
          </b>
        </div>
        <div>
          <b>
            03
          </b>
        </div>
        <div>
          <b>
            04
          </b>
        </div>
        <div>
          <b>
            05
          </b>
        </div>
        <div>
          <b>
            06
          </b>
        </div>
        <div>
          <b>
            07
          </b>
        </div>
        <div>
          <b>
            08
          </b>
        </div>
        <div>
          <b>
            09
          </b>
        </div>
        <div>
          <b>
            10
          </b>
        </div>
        <div>
          <b>
            11
          </b>
        </div>
        <div>
          <b>
            12
          </b>
        </div>
        <div>
          <b>
            13
          </b>
        </div>
        <div>
          <b>
            14
          </b>
        </div>
        <div>
          <b>
            15
          </b>
        </div>
        <div>
          <b>
            16
          </b>
        </div>
        <div>
          <b>
            17
          </b>
        </div>
        <div>
          <b>
            18
          </b>
        </div>
        <div>
          <b>
            19
          </b>
        </div>
        <div>
          <b>
            20
          </b>
        </div>
        <div>
          <b>
            21
          </b>
        </div>
        <div>
          <b>
            22
          </b>
        </div>
        <div>
          <b>
            23
          </b>
        </div>
        <div>
          <b>
            24
          </b>
        </div>
        <div>
          <b>
            25
          </b>
        </div>
        <div>
          <b>
            26
          </b>
        </div>
        <div>
          <b>
            27
          </b>
        </div>
        <div>
          <b>
            28
          </b>
        </div>
        <div>
          <b>
            29
          </b>
        </div>
        <div>
          <b>
            30
          </b>
        </div>
        <div>
          <b>
            31
          </b>
        </div>
      </div>
    </div>
  </div>
</div>
`;
